- The project is out-of-sync -- use `renv::status()` for details.
v | F W  S  OK | Context

/ |          0 | cif-averaging                                                  
v |          2 | cif-averaging

/ |          0 | cif-interpolator-na                                            
v |          2 | cif-interpolator-na

/ |          0 | cox-fallback                                                   
v |          1 | cox-fallback

/ |          0 | cr-bart                                                        
/ |          0 | Testing cr_bart functions                                      
- |          1 | Testing cr_bart functions                                      
/ |         12 | Testing cr_bart functions                                      
\ |         14 | Testing cr_bart functions                                      *****In main of C++ for bart prediction
tc (threadcount): 1
number of bart draws: 50
number of trees in bart sum: 20
number of x columns: 5
from x,np,p: 5, 400
***using serial code
*****In main of C++ for bart prediction
tc (threadcount): 1
number of bart draws: 50
number of trees in bart sum: 20
number of x columns: 5
from x,np,p: 5, 400
***using serial code

\ |         22 | Testing cr_bart functions                                      *****In main of C++ for bart prediction
tc (threadcount): 1
number of bart draws: 50
number of trees in bart sum: 20
number of x columns: 5
from x,np,p: 5, 400
***using serial code
*****In main of C++ for bart prediction
tc (threadcount): 1
number of bart draws: 50
number of trees in bart sum: 20
number of x columns: 5
from x,np,p: 5, 400
***using serial code

\ |         30 | Testing cr_bart functions                                      
\ |         34 | Testing cr_bart functions                                      *****In main of C++ for bart prediction
tc (threadcount): 1
number of bart draws: 50
number of trees in bart sum: 20
number of x columns: 5
from x,np,p: 5, 400
***using serial code
*****In main of C++ for bart prediction
tc (threadcount): 1
number of bart draws: 50
number of trees in bart sum: 20
number of x columns: 5
from x,np,p: 5, 400
***using serial code

v |         37 | Testing cr_bart functions [1.2s]

/ |          0 | cr-cox                                                         
/ |         20 | cr-cox                                                         
- |         45 | cr-cox                                                         
| |         51 | cr-cox                                                         
- |         57 | cr-cox                                                         
/ |   1     79 | cr-cox                                                         
v |   1     87 | cr-cox
--------------------------------------------------------------------------------
Warning ('test-cr-cox.R:272:3'): CRModel_Cox handles missing data appropriately
Removed 10 rows with missing values. 40 rows remaining.
Backtrace:
    x
 1. \-ml4time2event:::CRModel_Cox(...) at test-cr-cox.R:272:3
--------------------------------------------------------------------------------

/ |          0 | cr-ensemble-fix                                                
v |          9 | cr-ensemble-fix

/ |          0 | cr-ensemble                                                    
- |          1 | cr-ensemble                                                    
\ |         10 | cr-ensemble                                                    
- |         13 | cr-ensemble                                                    
| |   1     14 | cr-ensemble                                                    
\ |   1     17 | cr-ensemble                                                    
/ |   1     27 | cr-ensemble                                                    
/ |   1     31 | cr-ensemble                                                    
| |   1     34 | cr-ensemble                                                    
/ |   1     55 | cr-ensemble                                                    
/ |   1     63 | cr-ensemble                                                    
v |   1     66 | cr-ensemble [30.2s]
--------------------------------------------------------------------------------
Warning ('test-cr-ensemble.R:127:3'): RunCRModels handles model failures gracefully
Removed 5 rows with missing values. 45 rows remaining.
Backtrace:
    x
 1. \-ml4time2event:::RunCRModels(...) at test-cr-ensemble.R:127:3
 2.   +-base::tryCatch(...) at ml4time2event/R/cr_ensemble.R:101:5
 3.   | \-base (local) tryCatchList(expr, classes, parentenv, handlers)
 4.   |   \-base (local) tryCatchOne(expr, names, parentenv, handlers[[1L]])
 5.   |     \-base (local) doTryCatch(return(expr), name, parentenv, handler)
 6.   \-ml4time2event:::CRModel_Cox(...) at ml4time2event/R/cr_ensemble.R:101:5
--------------------------------------------------------------------------------

/ |          0 | cr-fine-gray                                                   
/ |          0 | Testing cr_fine_gray functions                                 
- |         29 | Testing cr_fine_gray functions                                 
v |         30 | Testing cr_fine_gray functions

/ |          0 | cr-gam                                                         
- |          1 | cr-gam                                                         
\ |         14 | cr-gam                                                         
/ |         16 | cr-gam                                                         
| |         31 | cr-gam                                                         
\ |         38 | cr-gam                                                         
| |         63 | cr-gam                                                         
- |         65 | cr-gam                                                         
| |         67 | cr-gam                                                         
- |         73 | cr-gam                                                         
\ |         74 | cr-gam                                                         
/ |         76 | cr-gam                                                         
- |         77 | cr-gam                                                         
v |         80 | cr-gam [3.4s]

/ |          0 | cr-interpolation-fix                                           
v |         22 | cr-interpolation-fix

/ |          0 | cr-interpolation                                               
/ |          0 | Testing cr_interpolation functions                             
v |   1     33 | Testing cr_interpolation functions
--------------------------------------------------------------------------------
Warning ('test-cr-interpolation.R:207:3'): cifMatListAveraging handles empty list
Empty list provided to cifMatListAveraging
Backtrace:
    x
 1. +-testthat::expect_null(cifMatListAveraging(list())) at test-cr-interpolation.R:207:3
 2. | \-testthat::quasi_label(enquo(object), label, arg = "object")
 3. |   \-rlang::eval_bare(expr, quo_get_env(quo))
 4. \-ml4time2event:::cifMatListAveraging(list())
--------------------------------------------------------------------------------

/ |          0 | cr-interpolator-fix                                            
v |         10 | cr-interpolator-fix

/ |          0 | cr-metrics-riskscore                                           
v |          2 | cr-metrics-riskscore

/ |          0 | cr-metrics                                                     
/ |          0 | Testing cr_metrics functions                                   
v |         20 | Testing cr_metrics functions

/ |          0 | cr-model-cif-properties                                        
- |          1 | cr-model-cif-properties                                        
| |          3 | cr-model-cif-properties                                        
- |          5 | cr-model-cif-properties                                        
| |          7 | cr-model-cif-properties                                        
- |         13 | cr-model-cif-properties                                        
| |         15 | cr-model-cif-properties                                        
- |         17 | cr-model-cif-properties                                        
| |         19 | cr-model-cif-properties                                        
v |         20 | cr-model-cif-properties [91.7s]

/ |          0 | cr-random-forest                                               
/ |          0 | Testing cr_random_forest functions                             
- |          1 | Testing cr_random_forest functions                             
\ |         14 | Testing cr_random_forest functions                             
/ |         16 | Testing cr_random_forest functions                             
| |         23 | Testing cr_random_forest functions                             
\ |         30 | Testing cr_random_forest functions                             
\ |         34 | Testing cr_random_forest functions                             
v |         38 | Testing cr_random_forest functions [8.4s]

/ |          0 | cr-rulefit                                                     
/ |          0 | Testing cr_rulefit functions                                   
- |         13 | Testing cr_rulefit functions                                   
/ |         28 | Testing cr_rulefit functions                                   
v |         34 | Testing cr_rulefit functions

/ |          0 | cr-shallownn                                                   
| |         15 | cr-shallownn                                                   
| |         39 | cr-shallownn                                                   
\ |         74 | cr-shallownn                                                   
v |         81 | cr-shallownn

/ |          0 | cr-survreg                                                     
- |         21 | cr-survreg                                                     
| |         51 | cr-survreg                                                     
| |         67 | cr-survreg                                                     
- |         89 | cr-survreg                                                     
v |         99 | cr-survreg

/ |          0 | cr-ttah                                                        
- |          1 | cr-ttah                                                        
| |          7 | cr-ttah                                                        
/ |         20 | cr-ttah                                                        
v |         23 | cr-ttah

/ |          0 | cr-xgboost                                                     
- |          1 | cr-xgboost                                                     
- |         37 | cr-xgboost                                                     
- |         57 | cr-xgboost                                                     
- |         77 | cr-xgboost                                                     
v |         82 | cr-xgboost

/ |          0 | data-cleaning                                                  
/ |          0 | Testing data_cleaning functions                                Removing 2 columns with only one unique non-NA value: mono_var, near_all_na 
Removing 2 columns with only one unique non-NA value: mono_var, near_all_na 
Removing 2 columns with >= 60 % missing values: all_na, near_all_na 
Removing 3 columns with >= 20 % missing values: all_na, some_na, near_all_na 
Removing 2 columns with >= 60 % missing values: all_na, near_all_na 
Removing 3 columns with >= 0 % missing values: all_na, some_na, near_all_na 
Removing 1 columns containing only NA values: all_na 

| |         47 | Testing data_cleaning functions                                Dropped unused levels for factor columns: cat_var, factor_with_unused 
Dropped unused levels for factor columns: cat_var 
Removing 3 rows with >= 30 % missing values.
Removing 5 rows with >= 10 % missing values.
Removing 1 rows with >= 40 % missing values.
Variable ' factor_col ': Replacing rare levels (freq <  0.05 ) with NA:  C, D 

/ |        104 | Testing data_cleaning functions                                Variable ' factor_bin ': Replacing rare level ' No ' (freq =  0.02 ) with NA.
Variable ' numeric_bin ': Replacing rare level ' 0 ' (freq =  0.01 ) with NA.
Variable ' logical_bin ': Replacing rare level ' FALSE ' (freq =  0.03 ) with NA.
Variable ' factor_col ': Collapsing levels (freq <  0.1 ) to 'Other':  C, D, E 
Variable ' char_col ': Collapsing levels (freq <  0.1 ) to 'Other':  V, W, Z 
Found potential substring relationships between variable names:
List of 2
 $ var1: chr "var1_extra, another_var1"
 $ var2: chr "long_var2_name"
NULL
No simple substring relationships found between variable names.
No simple substring relationships found between variable names.
No simple substring relationships found between variable names.
Variable ' numeric_col ': Capping 1 low and 1 high outliers.
Variable ' numeric_col ': Capping 0 low and 1 high outliers.
Variable ' numeric_col ': Capping 0 low and 1 high outliers.

| |        151 | Testing data_cleaning functions                                Removing columns from test data not present in training data: extra_test_col 
Adding columns from training data missing in test data: extra_train_col 
Removing columns from test data not present in training data: extra_test_col 
Adding columns from training data missing in test data: extra_train_col 
Adding columns from training data missing in test data: extra_train_col 
Variable ' sex ': Replaced levels not seen in training data with NA: X 
Variable ' group ': Replaced levels not seen in training data with NA: D 
Adding columns from training data missing in test data: extra_train_col 
Adding columns from training data missing in test data: id, age, sex, group, value, extra_train_col 
Starting imputation with missRanger for 5 columns...

Variables to impute:		num1, cat1, char1, num2
Variables used to impute:	id, num1, num2, cat1, char1

iter 1 
  |                                                                              |                                                                      |   0%  |                                                                              |==================                                                    |  25%  |                                                                              |===================================                                   |  50%  |                                                                              |====================================================                  |  75%  |                                                                              |======================================================================| 100%
Imputation finished.

- |   1    176 | Testing data_cleaning functions                                Starting imputation with missRanger for 2 columns...

Variables to impute:		num2, num1
Variables used to impute:	num1, num2

iter 1 
  |                                                                              |                                                                      |   0%  |                                                                              |===================================                                   |  50%  |                                                                              |======================================================================| 100%
iter 2 
  |                                                                              |                                                                      |   0%  |                                                                              |===================================                                   |  50%  |                                                                              |======================================================================| 100%
iter 3 
  |                                                                              |                                                                      |   0%  |                                                                              |===================================                                   |  50%  |                                                                              |======================================================================| 100%
iter 4 
  |                                                                              |                                                                      |   0%  |                                                                              |===================================                                   |  50%  |                                                                              |======================================================================| 100%
Imputation finished.
Starting imputation with missRanger for 3 columns...
Imputation finished.

v |   2    193 | Testing data_cleaning functions
--------------------------------------------------------------------------------
Warning ('test-data-cleaning.R:854:3'): ImputeMissinRecordsData imputes NAs
Columns contain only NA values and cannot be imputed: all_na_col
Backtrace:
    x
 1. \-ml4time2event:::ImputeMissinRecordsData(df_impute) at test-data-cleaning.R:854:3

Warning ('test-data-cleaning.R:907:4'): ImputeMissinRecordsData handles empty input
No columns selected for imputation after excluding 'dontuse' columns.
Backtrace:
    x
 1. +-testthat::expect_equal(ImputeMissinRecordsData(empty_df), empty_df) at test-data-cleaning.R:907:4
 2. | \-testthat::quasi_label(enquo(object), label, arg = "object")
 3. |   \-rlang::eval_bare(expr, quo_get_env(quo))
 4. \-ml4time2event:::ImputeMissinRecordsData(empty_df)
--------------------------------------------------------------------------------

/ |          0 | data-io                                                        
/ |          0 | Testing data_io functions                                      
v |         13 | Testing data_io functions

/ |          0 | data-summary                                                   
/ |          0 | Testing data_summary functions                                 Calculating pairwise distance correlations for 6 numeric features...
Found 1 variable pairs with absolute correlation > 0.8 
Found 1 variable pairs with absolute correlation > 0.8 
No variable pairs found with absolute correlation > 0.8 
Calculating distance correlation of each feature against the rest for 6 features...

/ |         36 | Testing data_summary functions                                 
\ |         38 | Testing data_summary functions                                 
v |         43 | Testing data_summary functions

/ |          0 | data-transform                                                 
/ |          0 | Testing data_transform functions                               Categorizing variable ' id '...
Categorizing variable ' numeric_wide '...
Categorizing variable ' numeric_narrow '...
Categorizing variable ' numeric_skewed '...
Skipping categorization for variable ' numeric_few_unique ' (less than  5  unique values).
Categorizing variable ' numeric_with_na '...
Categorizing variable ' id '...
Categorizing variable ' numeric_wide '...
Categorizing variable ' numeric_narrow '...
Categorizing variable ' numeric_skewed '...
Skipping categorization for variable ' numeric_few_unique ' (less than  5  unique values).
Categorizing variable ' numeric_with_na '...

/ |   6     70 | Testing data_transform functions                               Categorizing variable ' id '...
Categorizing variable ' numeric_wide '...
Categorizing variable ' numeric_narrow '...
Skipping categorization for variable ' numeric_skewed ' (less than  15  unique values).
Skipping categorization for variable ' numeric_few_unique ' (less than  15  unique values).
Categorizing variable ' numeric_with_na '...
Categorizing variable ' x '...
Categorizing variable ' id '...
Categorizing variable ' numeric_wide '...
Categorizing variable ' numeric_narrow '...
Categorizing variable ' numeric_skewed '...
Skipping categorization for variable ' numeric_few_unique ' (less than  5  unique values).
Categorizing variable ' numeric_with_na '...
Categorizing variable ' id '...
Categorizing variable ' numeric_wide '...
Categorizing variable ' numeric_narrow '...
Categorizing variable ' numeric_skewed '...
Skipping categorization for variable ' numeric_few_unique ' (less than  5  unique values).
Categorizing variable ' numeric_with_na '...

v |   6     88 | Testing data_transform functions
--------------------------------------------------------------------------------
Warning ('test-data-transform.R:25:3'): ZeroOneScalerData scales numeric columns to [0, 1]
Column 'num_const' has zero range. Scaled values set to 0.
Backtrace:
    x
 1. \-ml4time2event:::ZeroOneScalerData(test_df_transform) at test-data-transform.R:25:3

Warning ('test-data-transform.R:69:3'): ZeroOneScalerData handles data.frames
Column 'num_const' has zero range. Scaled values set to 0.
Backtrace:
    x
 1. \-ml4time2event:::ZeroOneScalerData(test_df) at test-data-transform.R:69:3

Warning ('test-data-transform.R:92:1'): (code run outside of `test_that()`)
Column 'num_const' has zero range. Scaled values set to 0.
Backtrace:
    x
 1. \-ml4time2event:::ZeroOneScalerData(test_df_transform) at test-data-transform.R:92:1

Warning ('test-data-transform.R:110:3'): ZeroOneScalerApplierData applies scaling correctly
Missing min/max value for numeric column 'id'. Skipping scaling.
Backtrace:
    x
 1. \-ml4time2event:::ZeroOneScalerApplierData(new_data, mins, maxs) at test-data-transform.R:110:3

Warning ('test-data-transform.R:110:3'): ZeroOneScalerApplierData applies scaling correctly
Min/max value not provided for numeric column 'extra_col'. Skipping scaling.
Backtrace:
    x
 1. \-ml4time2event:::ZeroOneScalerApplierData(new_data, mins, maxs) at test-data-transform.R:110:3

Warning ('test-data-transform.R:165:3'): UndoZeroOneScalerApplierData reverses scaling correctly
Missing min/max value for numeric column 'id'. Skipping un-scaling.
Backtrace:
    x
 1. \-ml4time2event:::UndoZeroOneScalerApplierData(...) at test-data-transform.R:165:3
--------------------------------------------------------------------------------

/ |          0 | ensemble-local                                                 [1] "Initial AIC (Intercept only): 514.01"
[1] "No improvement over intercept-only, but keeping best single variable: x1 AIC: 514.55"
Predict_SurvModel_SurvReg called with 100 rows

v |          3 | ensemble-local

/ |          0 | ensemble-methods-enhancement                                   
v |         27 | ensemble-methods-enhancement

/ |          0 | ensemble-methods                                               
/ |          0 | Advanced ensemble methods                                      
v |         16 | Advanced ensemble methods

/ |          0 | ensemble-persistence                                           Fitting coxph ...

- |          1 | ensemble-persistence                                           
/ |          4 | ensemble-persistence                                           Fitting coxph ...

| |         15 | ensemble-persistence                                           
\ |         18 | ensemble-persistence                                           Fitting coxph ...

- |         21 | ensemble-persistence                                           
/ |         24 | ensemble-persistence                                           Fitting coxph ...

| |         27 | ensemble-persistence                                           
/ |         32 | ensemble-persistence                                           Fitting coxph ...

- |         37 | ensemble-persistence                                           Fitting coxph ...

| |         39 | ensemble-persistence                                           Fitting coxph ...

| |         43 | ensemble-persistence                                           Fitting coxph ...

/ |         48 | ensemble-persistence                                           Fitting coxph ...

- |         53 | ensemble-persistence                                           
v |         55 | ensemble-persistence [4.4s]

/ |          0 | force-sanity                                                   Building Cox model...
Cox model created successfully

Building SurvReg model...
[1] "Initial AIC (Intercept only): 514.01"
[1] "No improvement over intercept-only, but keeping best single variable: x1 AIC: 514.55"
SurvReg model created successfully

Making predictions with Cox model...
Prediction successful for cox

Making predictions with SurvReg model...
Predict_SurvModel_SurvReg called with 100 rows
Prediction successful for survreg

Got valid predictions for 2 models: cox, survreg 

Performing ensemble averaging...
Saved plot to /var/folders/8n/1l40cygn069cwys_v97vljmr0000gp/T//Rtmph8aecv/ml4time2event_plots/subject_100_predictions.pdf 
Saved plot to /var/folders/8n/1l40cygn069cwys_v97vljmr0000gp/T//Rtmph8aecv/ml4time2event_plots/subject_70_predictions.pdf 
Saved plot to /var/folders/8n/1l40cygn069cwys_v97vljmr0000gp/T//Rtmph8aecv/ml4time2event_plots/subject_3_predictions.pdf 
Saved plot to /var/folders/8n/1l40cygn069cwys_v97vljmr0000gp/T//Rtmph8aecv/ml4time2event_plots/subject_20_predictions.pdf 
Saved plot to /var/folders/8n/1l40cygn069cwys_v97vljmr0000gp/T//Rtmph8aecv/ml4time2event_plots/subject_4_predictions.pdf 
Plots saved to directory:  /var/folders/8n/1l40cygn069cwys_v97vljmr0000gp/T//Rtmph8aecv/ml4time2event_plots 

v |          1 | force-sanity

/ |          0 | general-utils                                                  
/ |          0 | Testing general_utils functions                                
/ |         20 | Testing general_utils functions                                
v |         22 | Testing general_utils functions

/ |          0 | interpolation                                                  
| |         51 | interpolation                                                  
- |         81 | interpolation                                                  
v |        114 | interpolation

/ |          0 | math-utils                                                     
/ |          0 | Testing math_utils functions (Integrator)                      
v |         17 | Testing math_utils functions (Integrator)

/ |          0 | model-evaluation                                               
- | 1        0 | model-evaluation                                               
/ | 4        0 | model-evaluation                                               
x | 4        0 | model-evaluation [10.9s]
--------------------------------------------------------------------------------
Error ('test-model-evaluation.R:70:3'): EvaluateSurvModels returns leaderboard for ensembles
Error in `.ml4t2e_compute_time_grid(observed_times = observed_times, override = prediction_times, 
    fallback = NULL)`: could not find function ".ml4t2e_compute_time_grid"
Backtrace:
    x
 1. \-ml4time2event:::EvaluateSurvModels(...) at test-model-evaluation.R:70:3
 2.   \-ml4time2event:::.ml4t2e_prepare_surv_evaluation(...) at ml4time2event/R/model_evaluation.R:19:3

Error ('test-model-evaluation.R:123:3'): EvaluateSurvModels supports single model objects
Error in `.ml4t2e_compute_time_grid(observed_times = observed_times, override = prediction_times, 
    fallback = predictor$times(models))`: could not find function ".ml4t2e_compute_time_grid"
Backtrace:
    x
 1. \-ml4time2event:::EvaluateSurvModels(...) at test-model-evaluation.R:123:3
 2.   \-ml4time2event:::.ml4t2e_prepare_surv_evaluation(...) at ml4time2event/R/model_evaluation.R:19:3

Error ('test-model-evaluation.R:182:3'): EvaluateCRModels returns leaderboard for ensembles
Error in `.ml4t2e_compute_time_grid(observed_times = observed_times, override = prediction_times, 
    fallback = NULL)`: could not find function ".ml4t2e_compute_time_grid"
Backtrace:
    x
 1. \-ml4time2event:::EvaluateCRModels(...) at test-model-evaluation.R:182:3
 2.   \-ml4time2event:::.ml4t2e_prepare_cr_evaluation(...) at ml4time2event/R/model_evaluation.R:143:3

Error ('test-model-evaluation.R:237:3'): EvaluateCRModels supports single model objects
Error in `.ml4t2e_compute_time_grid(observed_times = observed_times, override = prediction_times, 
    fallback = predictor$times(models))`: could not find function ".ml4t2e_compute_time_grid"
Backtrace:
    x
 1. \-ml4time2event:::EvaluateCRModels(...) at test-model-evaluation.R:237:3
 2.   \-ml4time2event:::.ml4t2e_prepare_cr_evaluation(...) at ml4time2event/R/model_evaluation.R:143:3
--------------------------------------------------------------------------------

/ |          0 | outcome-prediction                                             
/ |          0 | Testing outcome_prediction functions                           Model 1 (Type: SURV): Converting survival curves to event probabilities (1 - S(t))...
Model 2 (Type: CR): Using CIF curves as event probabilities...
Model 3 (Type: SURV): Converting survival curves to event probabilities (1 - S(t))...
Model 3 (Type: SURV): Converting survival curves to event probabilities (1 - S(t))...
Model 3 (Type: SURV): Converting survival curves to event probabilities (1 - S(t))...

v |      2  21 | Testing outcome_prediction functions

/ |          0 | plotting-functions                                             
\ |          6 | plotting-functions                                             
| |         15 | plotting-functions                                             
\ |         22 | plotting-functions                                             
/ |         28 | plotting-functions                                             
v |         28 | plotting-functions

/ |          0 | recipes-steps                                                  
/ |          0 | Testing recipes_steps functions                                
- |         29 | Testing recipes_steps functions                                
- |      2  35 | Testing recipes_steps functions                                
v |      2  40 | Testing recipes_steps functions

/ |          0 | sanity-check                                                   [1] "Initial AIC (Intercept only): 514.01"
[1] "No improvement over intercept-only, but keeping best single variable: x1 AIC: 514.55"
Predict_SurvModel_SurvReg called with 100 rows

v |          2 | sanity-check

/ |          0 | shap-analysis                                                  
| |          3 | shap-analysis                                                  
/ |          8 | shap-analysis                                                  
- |         13 | shap-analysis                                                  
| |         15 | shap-analysis                                                  
\ |         18 | shap-analysis                                                  
- |         21 | shap-analysis                                                  
\ |         26 | shap-analysis                                                  
\ |         30 | shap-analysis                                                  
- |         33 | shap-analysis                                                  
/ |         36 | shap-analysis                                                  
- |         37 | shap-analysis                                                  
/ |         40 | shap-analysis                                                  
/ |         44 | shap-analysis                                                  
- |         45 | shap-analysis                                                  
- |         49 | shap-analysis                                                  
\ |         50 | shap-analysis                                                  
- |         53 | shap-analysis                                                  
\ |         54 | shap-analysis                                                  
/ |         56 | shap-analysis                                                  
v |         56 | shap-analysis [168.7s]

/ |          0 | shap-etl-validation                                            
- | 2 3      0 | shap-etl-validation                                            
\ | 3 9      2 | shap-etl-validation                                            
\ | 6 13  1   2 | shap-etl-validation                                           
\ | 8 15  1   2 | shap-etl-validation                                           
/ | 9 16  1   2 | shap-etl-validation                                           
- | 9 16  1   3 | shap-etl-validation                                           
- | 10 18  1   4 | shap-etl-validation                                          
x | 11 18  1   4 | shap-etl-validation [2.9s]
--------------------------------------------------------------------------------
Warning ('test-shap-etl-validation.R:17:3'): CR predictions have correct matrix orientation (rows=times, cols=obs)
Loglik converged before variable  3,4,5 ; coefficient may be infinite. 
Backtrace:
     x
  1. \-ml4time2event::ml4t2e_fit_pipeline(...) at test-shap-etl-validation.R:17:3
  2.   \-pipeline$fit(data_prepped) at ml4time2event/R/pipeline_wrappers.R:145:3
  3.     \-ml4time2event::ml4t2e_fit(...) at ml4time2event/R/pipeline_simple.R:61:7
  4.       \-instance$fit(task = task, time_grid = time_grid) at ml4time2event/R/core_fit.R:60:5
  5.         +-base::do.call(fit_fun, args) at ml4time2event/R/model_competing_risk_engines.R:82:11
  6.         \-ml4time2event (local) `<fn>`(...)
  7.           +-base::tryCatch(...) at ml4time2event/R/cr_cox.R:124:5
  8.           | \-base (local) tryCatchList(expr, classes, parentenv, handlers)
  9.           |   \-base (local) tryCatchOne(expr, names, parentenv, handlers[[1L]])
 10.           |     \-base (local) doTryCatch(return(expr), name, parentenv, handler)
 11.           \-survival::coxph(formula, data = cause_data, x = TRUE) at ml4time2event/R/cr_cox.R:125:7
 12.             \-survival::coxph.fit(...)

Warning ('test-shap-etl-validation.R:17:3'): CR predictions have correct matrix orientation (rows=times, cols=obs)
Loglik converged before variable  4 ; coefficient may be infinite. 
Backtrace:
     x
  1. \-ml4time2event::ml4t2e_fit_pipeline(...) at test-shap-etl-validation.R:17:3
  2.   \-pipeline$fit(data_prepped) at ml4time2event/R/pipeline_wrappers.R:145:3
  3.     \-ml4time2event::ml4t2e_fit(...) at ml4time2event/R/pipeline_simple.R:61:7
  4.       \-instance$fit(task = task, time_grid = time_grid) at ml4time2event/R/core_fit.R:60:5
  5.         +-base::do.call(fit_fun, args) at ml4time2event/R/model_competing_risk_engines.R:82:11
  6.         \-ml4time2event (local) `<fn>`(...)
  7.           +-base::tryCatch(...) at ml4time2event/R/cr_cox.R:124:5
  8.           | \-base (local) tryCatchList(expr, classes, parentenv, handlers)
  9.           |   \-base (local) tryCatchOne(expr, names, parentenv, handlers[[1L]])
 10.           |     \-base (local) doTryCatch(return(expr), name, parentenv, handler)
 11.           \-survival::coxph(formula, data = cause_data, x = TRUE) at ml4time2event/R/cr_cox.R:125:7
 12.             \-survival::coxph.fit(...)

Failure ('test-shap-etl-validation.R:42:3'): CR predictions have correct matrix orientation (rows=times, cols=obs)
nrow(cif_mat) not equal to 20.
1/1 mismatches
[1] 0 - 20 == -20

Failure ('test-shap-etl-validation.R:43:3'): CR predictions have correct matrix orientation (rows=times, cols=obs)
ncol(cif_mat) not equal to nrow(test_data).
1/1 mismatches
[1] 0 - 5 == -5

Warning ('test-shap-etl-validation.R:59:3'): CR CIF values are non-negative
Loglik converged before variable  3,4,5 ; coefficient may be infinite. 
Backtrace:
     x
  1. \-ml4time2event::ml4t2e_fit_pipeline(...) at test-shap-etl-validation.R:59:3
  2.   \-pipeline$fit(data_prepped) at ml4time2event/R/pipeline_wrappers.R:145:3
  3.     \-ml4time2event::ml4t2e_fit(...) at ml4time2event/R/pipeline_simple.R:61:7
  4.       \-instance$fit(task = task, time_grid = time_grid) at ml4time2event/R/core_fit.R:60:5
  5.         +-base::do.call(fit_fun, args) at ml4time2event/R/model_competing_risk_engines.R:82:11
  6.         \-ml4time2event (local) `<fn>`(...)
  7.           +-base::tryCatch(...) at ml4time2event/R/cr_cox.R:124:5
  8.           | \-base (local) tryCatchList(expr, classes, parentenv, handlers)
  9.           |   \-base (local) tryCatchOne(expr, names, parentenv, handlers[[1L]])
 10.           |     \-base (local) doTryCatch(return(expr), name, parentenv, handler)
 11.           \-survival::coxph(formula, data = cause_data, x = TRUE) at ml4time2event/R/cr_cox.R:125:7
 12.             \-survival::coxph.fit(...)

Warning ('test-shap-etl-validation.R:59:3'): CR CIF values are non-negative
Loglik converged before variable  4 ; coefficient may be infinite. 
Backtrace:
     x
  1. \-ml4time2event::ml4t2e_fit_pipeline(...) at test-shap-etl-validation.R:59:3
  2.   \-pipeline$fit(data_prepped) at ml4time2event/R/pipeline_wrappers.R:145:3
  3.     \-ml4time2event::ml4t2e_fit(...) at ml4time2event/R/pipeline_simple.R:61:7
  4.       \-instance$fit(task = task, time_grid = time_grid) at ml4time2event/R/core_fit.R:60:5
  5.         +-base::do.call(fit_fun, args) at ml4time2event/R/model_competing_risk_engines.R:82:11
  6.         \-ml4time2event (local) `<fn>`(...)
  7.           +-base::tryCatch(...) at ml4time2event/R/cr_cox.R:124:5
  8.           | \-base (local) tryCatchList(expr, classes, parentenv, handlers)
  9.           |   \-base (local) tryCatchOne(expr, names, parentenv, handlers[[1L]])
 10.           |     \-base (local) doTryCatch(return(expr), name, parentenv, handler)
 11.           \-survival::coxph(formula, data = cause_data, x = TRUE) at ml4time2event/R/cr_cox.R:125:7
 12.             \-survival::coxph.fit(...)

Warning ('test-shap-etl-validation.R:81:3'): CR CIF values are non-negative
no non-missing arguments to min; returning Inf
Backtrace:
    x
 1. \-base::message("Min CIF value: ", min(cif_vals$cif, na.rm = TRUE)) at test-shap-etl-validation.R:81:3
 2.   \-base::.makeMessage(..., domain = domain, appendLF = appendLF)
 3.     \-base::lapply(list(...), as.character)

Warning ('test-shap-etl-validation.R:82:3'): CR CIF values are non-negative
no non-missing arguments to max; returning -Inf
Backtrace:
    x
 1. \-base::message("Max CIF value: ", max(cif_vals$cif, na.rm = TRUE)) at test-shap-etl-validation.R:82:3
 2.   \-base::.makeMessage(..., domain = domain, appendLF = appendLF)
 3.     \-base::lapply(list(...), as.character)

Warning ('test-shap-etl-validation.R:91:3'): CR CIF values are bounded by [0, 1]
Loglik converged before variable  3,4,5 ; coefficient may be infinite. 
Backtrace:
     x
  1. \-ml4time2event::ml4t2e_fit_pipeline(...) at test-shap-etl-validation.R:91:3
  2.   \-pipeline$fit(data_prepped) at ml4time2event/R/pipeline_wrappers.R:145:3
  3.     \-ml4time2event::ml4t2e_fit(...) at ml4time2event/R/pipeline_simple.R:61:7
  4.       \-instance$fit(task = task, time_grid = time_grid) at ml4time2event/R/core_fit.R:60:5
  5.         +-base::do.call(fit_fun, args) at ml4time2event/R/model_competing_risk_engines.R:82:11
  6.         \-ml4time2event (local) `<fn>`(...)
  7.           +-base::tryCatch(...) at ml4time2event/R/cr_cox.R:124:5
  8.           | \-base (local) tryCatchList(expr, classes, parentenv, handlers)
  9.           |   \-base (local) tryCatchOne(expr, names, parentenv, handlers[[1L]])
 10.           |     \-base (local) doTryCatch(return(expr), name, parentenv, handler)
 11.           \-survival::coxph(formula, data = cause_data, x = TRUE) at ml4time2event/R/cr_cox.R:125:7
 12.             \-survival::coxph.fit(...)

Warning ('test-shap-etl-validation.R:91:3'): CR CIF values are bounded by [0, 1]
Loglik converged before variable  4 ; coefficient may be infinite. 
Backtrace:
     x
  1. \-ml4time2event::ml4t2e_fit_pipeline(...) at test-shap-etl-validation.R:91:3
  2.   \-pipeline$fit(data_prepped) at ml4time2event/R/pipeline_wrappers.R:145:3
  3.     \-ml4time2event::ml4t2e_fit(...) at ml4time2event/R/pipeline_simple.R:61:7
  4.       \-instance$fit(task = task, time_grid = time_grid) at ml4time2event/R/core_fit.R:60:5
  5.         +-base::do.call(fit_fun, args) at ml4time2event/R/model_competing_risk_engines.R:82:11
  6.         \-ml4time2event (local) `<fn>`(...)
  7.           +-base::tryCatch(...) at ml4time2event/R/cr_cox.R:124:5
  8.           | \-base (local) tryCatchList(expr, classes, parentenv, handlers)
  9.           |   \-base (local) tryCatchOne(expr, names, parentenv, handlers[[1L]])
 10.           |     \-base (local) doTryCatch(return(expr), name, parentenv, handler)
 11.           \-survival::coxph(formula, data = cause_data, x = TRUE) at ml4time2event/R/cr_cox.R:125:7
 12.             \-survival::coxph.fit(...)

Error ('test-shap-etl-validation.R:115:3'): CR CIF values are bounded by [0, 1]
<subscriptOutOfBoundsError/error/condition>
Error in `cif_mat[1, ]`: subscript out of bounds
Backtrace:
    x
 1. \-testthat::expect_true(all(cif_mat[1, ] < 0.01, na.rm = TRUE)) at test-shap-etl-validation.R:115:3
 2.   \-testthat::quasi_label(enquo(object), label, arg = "object")
 3.     \-rlang::eval_bare(expr, quo_get_env(quo))

Warning ('test-shap-etl-validation.R:124:3'): CR CIF values are monotonically non-decreasing over time
Loglik converged before variable  3,4,5 ; coefficient may be infinite. 
Backtrace:
     x
  1. \-ml4time2event::ml4t2e_fit_pipeline(...) at test-shap-etl-validation.R:124:3
  2.   \-pipeline$fit(data_prepped) at ml4time2event/R/pipeline_wrappers.R:145:3
  3.     \-ml4time2event::ml4t2e_fit(...) at ml4time2event/R/pipeline_simple.R:61:7
  4.       \-instance$fit(task = task, time_grid = time_grid) at ml4time2event/R/core_fit.R:60:5
  5.         +-base::do.call(fit_fun, args) at ml4time2event/R/model_competing_risk_engines.R:82:11
  6.         \-ml4time2event (local) `<fn>`(...)
  7.           +-base::tryCatch(...) at ml4time2event/R/cr_cox.R:124:5
  8.           | \-base (local) tryCatchList(expr, classes, parentenv, handlers)
  9.           |   \-base (local) tryCatchOne(expr, names, parentenv, handlers[[1L]])
 10.           |     \-base (local) doTryCatch(return(expr), name, parentenv, handler)
 11.           \-survival::coxph(formula, data = cause_data, x = TRUE) at ml4time2event/R/cr_cox.R:125:7
 12.             \-survival::coxph.fit(...)

Warning ('test-shap-etl-validation.R:124:3'): CR CIF values are monotonically non-decreasing over time
Loglik converged before variable  4 ; coefficient may be infinite. 
Backtrace:
     x
  1. \-ml4time2event::ml4t2e_fit_pipeline(...) at test-shap-etl-validation.R:124:3
  2.   \-pipeline$fit(data_prepped) at ml4time2event/R/pipeline_wrappers.R:145:3
  3.     \-ml4time2event::ml4t2e_fit(...) at ml4time2event/R/pipeline_simple.R:61:7
  4.       \-instance$fit(task = task, time_grid = time_grid) at ml4time2event/R/core_fit.R:60:5
  5.         +-base::do.call(fit_fun, args) at ml4time2event/R/model_competing_risk_engines.R:82:11
  6.         \-ml4time2event (local) `<fn>`(...)
  7.           +-base::tryCatch(...) at ml4time2event/R/cr_cox.R:124:5
  8.           | \-base (local) tryCatchList(expr, classes, parentenv, handlers)
  9.           |   \-base (local) tryCatchOne(expr, names, parentenv, handlers[[1L]])
 10.           |     \-base (local) doTryCatch(return(expr), name, parentenv, handler)
 11.           \-survival::coxph(formula, data = cause_data, x = TRUE) at ml4time2event/R/cr_cox.R:125:7
 12.             \-survival::coxph.fit(...)

Warning ('test-shap-etl-validation.R:164:3'): ETL calculation produces sensible values for CR models
Loglik converged before variable  3,4,5 ; coefficient may be infinite. 
Backtrace:
     x
  1. \-ml4time2event::ml4t2e_fit_pipeline(...) at test-shap-etl-validation.R:164:3
  2.   \-pipeline$fit(data_prepped) at ml4time2event/R/pipeline_wrappers.R:145:3
  3.     \-ml4time2event::ml4t2e_fit(...) at ml4time2event/R/pipeline_simple.R:61:7
  4.       \-instance$fit(task = task, time_grid = time_grid) at ml4time2event/R/core_fit.R:60:5
  5.         +-base::do.call(fit_fun, args) at ml4time2event/R/model_competing_risk_engines.R:82:11
  6.         \-ml4time2event (local) `<fn>`(...)
  7.           +-base::tryCatch(...) at ml4time2event/R/cr_cox.R:124:5
  8.           | \-base (local) tryCatchList(expr, classes, parentenv, handlers)
  9.           |   \-base (local) tryCatchOne(expr, names, parentenv, handlers[[1L]])
 10.           |     \-base (local) doTryCatch(return(expr), name, parentenv, handler)
 11.           \-survival::coxph(formula, data = cause_data, x = TRUE) at ml4time2event/R/cr_cox.R:125:7
 12.             \-survival::coxph.fit(...)

Warning ('test-shap-etl-validation.R:164:3'): ETL calculation produces sensible values for CR models
Loglik converged before variable  4 ; coefficient may be infinite. 
Backtrace:
     x
  1. \-ml4time2event::ml4t2e_fit_pipeline(...) at test-shap-etl-validation.R:164:3
  2.   \-pipeline$fit(data_prepped) at ml4time2event/R/pipeline_wrappers.R:145:3
  3.     \-ml4time2event::ml4t2e_fit(...) at ml4time2event/R/pipeline_simple.R:61:7
  4.       \-instance$fit(task = task, time_grid = time_grid) at ml4time2event/R/core_fit.R:60:5
  5.         +-base::do.call(fit_fun, args) at ml4time2event/R/model_competing_risk_engines.R:82:11
  6.         \-ml4time2event (local) `<fn>`(...)
  7.           +-base::tryCatch(...) at ml4time2event/R/cr_cox.R:124:5
  8.           | \-base (local) tryCatchList(expr, classes, parentenv, handlers)
  9.           |   \-base (local) tryCatchOne(expr, names, parentenv, handlers[[1L]])
 10.           |     \-base (local) doTryCatch(return(expr), name, parentenv, handler)
 11.           \-survival::coxph(formula, data = cause_data, x = TRUE) at ml4time2event/R/cr_cox.R:125:7
 12.             \-survival::coxph.fit(...)

Failure ('test-shap-etl-validation.R:182:3'): ETL calculation produces sensible values for CR models
all(etl_values >= 0) is not TRUE

`actual`:   <NA>
`expected`: TRUE

Failure ('test-shap-etl-validation.R:183:3'): ETL calculation produces sensible values for CR models
all(etl_values <= time_horizon) is not TRUE

`actual`:   <NA>
`expected`: TRUE

Failure ('test-shap-etl-validation.R:184:3'): ETL calculation produces sensible values for CR models
all(is.finite(etl_values)) is not TRUE

`actual`:   FALSE
`expected`: TRUE 

Warning ('test-shap-etl-validation.R:197:3'): Manual ETL calculation matches prediction function
Loglik converged before variable  3,4,5 ; coefficient may be infinite. 
Backtrace:
     x
  1. \-ml4time2event::ml4t2e_fit_pipeline(...) at test-shap-etl-validation.R:197:3
  2.   \-pipeline$fit(data_prepped) at ml4time2event/R/pipeline_wrappers.R:145:3
  3.     \-ml4time2event::ml4t2e_fit(...) at ml4time2event/R/pipeline_simple.R:61:7
  4.       \-instance$fit(task = task, time_grid = time_grid) at ml4time2event/R/core_fit.R:60:5
  5.         +-base::do.call(fit_fun, args) at ml4time2event/R/model_competing_risk_engines.R:82:11
  6.         \-ml4time2event (local) `<fn>`(...)
  7.           +-base::tryCatch(...) at ml4time2event/R/cr_cox.R:124:5
  8.           | \-base (local) tryCatchList(expr, classes, parentenv, handlers)
  9.           |   \-base (local) tryCatchOne(expr, names, parentenv, handlers[[1L]])
 10.           |     \-base (local) doTryCatch(return(expr), name, parentenv, handler)
 11.           \-survival::coxph(formula, data = cause_data, x = TRUE) at ml4time2event/R/cr_cox.R:125:7
 12.             \-survival::coxph.fit(...)

Warning ('test-shap-etl-validation.R:197:3'): Manual ETL calculation matches prediction function
Loglik converged before variable  4 ; coefficient may be infinite. 
Backtrace:
     x
  1. \-ml4time2event::ml4t2e_fit_pipeline(...) at test-shap-etl-validation.R:197:3
  2.   \-pipeline$fit(data_prepped) at ml4time2event/R/pipeline_wrappers.R:145:3
  3.     \-ml4time2event::ml4t2e_fit(...) at ml4time2event/R/pipeline_simple.R:61:7
  4.       \-instance$fit(task = task, time_grid = time_grid) at ml4time2event/R/core_fit.R:60:5
  5.         +-base::do.call(fit_fun, args) at ml4time2event/R/model_competing_risk_engines.R:82:11
  6.         \-ml4time2event (local) `<fn>`(...)
  7.           +-base::tryCatch(...) at ml4time2event/R/cr_cox.R:124:5
  8.           | \-base (local) tryCatchList(expr, classes, parentenv, handlers)
  9.           |   \-base (local) tryCatchOne(expr, names, parentenv, handlers[[1L]])
 10.           |     \-base (local) doTryCatch(return(expr), name, parentenv, handler)
 11.           \-survival::coxph(formula, data = cause_data, x = TRUE) at ml4time2event/R/cr_cox.R:125:7
 12.             \-survival::coxph.fit(...)

Failure ('test-shap-etl-validation.R:232:3'): Manual ETL calculation matches prediction function
rel_error < 0.01 is not TRUE

`actual`:   <NA>
`expected`: TRUE
ETL mismatch: fn= NA manual= 0 rel_error= NA

Failure ('test-shap-etl-validation.R:285:3'): Higher age leads to higher ETL (worse outcome) for CR models
etl_old > etl_young is not TRUE

`actual`:   <NA>
`expected`: TRUE
Expected higher ETL for older age, but got: young= NA old= NA

Warning ('test-shap-etl-validation.R:296:3'): Age SHAP values have expected sign for CR models
Loglik converged before variable  3,4,5 ; coefficient may be infinite. 
Backtrace:
     x
  1. \-ml4time2event::ml4t2e_fit_pipeline(...) at test-shap-etl-validation.R:296:3
  2.   \-pipeline$fit(data_prepped) at ml4time2event/R/pipeline_wrappers.R:145:3
  3.     \-ml4time2event::ml4t2e_fit(...) at ml4time2event/R/pipeline_simple.R:61:7
  4.       \-instance$fit(task = task, time_grid = time_grid) at ml4time2event/R/core_fit.R:60:5
  5.         +-base::do.call(fit_fun, args) at ml4time2event/R/model_competing_risk_engines.R:82:11
  6.         \-ml4time2event (local) `<fn>`(...)
  7.           +-base::tryCatch(...) at ml4time2event/R/cr_cox.R:124:5
  8.           | \-base (local) tryCatchList(expr, classes, parentenv, handlers)
  9.           |   \-base (local) tryCatchOne(expr, names, parentenv, handlers[[1L]])
 10.           |     \-base (local) doTryCatch(return(expr), name, parentenv, handler)
 11.           \-survival::coxph(formula, data = cause_data, x = TRUE) at ml4time2event/R/cr_cox.R:125:7
 12.             \-survival::coxph.fit(...)

Warning ('test-shap-etl-validation.R:296:3'): Age SHAP values have expected sign for CR models
Loglik converged before variable  4 ; coefficient may be infinite. 
Backtrace:
     x
  1. \-ml4time2event::ml4t2e_fit_pipeline(...) at test-shap-etl-validation.R:296:3
  2.   \-pipeline$fit(data_prepped) at ml4time2event/R/pipeline_wrappers.R:145:3
  3.     \-ml4time2event::ml4t2e_fit(...) at ml4time2event/R/pipeline_simple.R:61:7
  4.       \-instance$fit(task = task, time_grid = time_grid) at ml4time2event/R/core_fit.R:60:5
  5.         +-base::do.call(fit_fun, args) at ml4time2event/R/model_competing_risk_engines.R:82:11
  6.         \-ml4time2event (local) `<fn>`(...)
  7.           +-base::tryCatch(...) at ml4time2event/R/cr_cox.R:124:5
  8.           | \-base (local) tryCatchList(expr, classes, parentenv, handlers)
  9.           |   \-base (local) tryCatchOne(expr, names, parentenv, handlers[[1L]])
 10.           |     \-base (local) doTryCatch(return(expr), name, parentenv, handler)
 11.           \-survival::coxph(formula, data = cause_data, x = TRUE) at ml4time2event/R/cr_cox.R:125:7
 12.             \-survival::coxph.fit(...)

Error ('test-shap-etl-validation.R:321:3'): Age SHAP values have expected sign for CR models
Error in `cor(age_values, age_shap, use = "complete.obs")`: no complete element pairs
Backtrace:
    x
 1. \-stats::cor(age_values, age_shap, use = "complete.obs") at test-shap-etl-validation.R:321:3

Warning ('test-shap-etl-validation.R:415:3'): SHAP additivity holds for CR models (prediction = baseline + sum(SHAP))
Loglik converged before variable  3,4,5 ; coefficient may be infinite. 
Backtrace:
     x
  1. \-ml4time2event::ml4t2e_fit_pipeline(...) at test-shap-etl-validation.R:415:3
  2.   \-pipeline$fit(data_prepped) at ml4time2event/R/pipeline_wrappers.R:145:3
  3.     \-ml4time2event::ml4t2e_fit(...) at ml4time2event/R/pipeline_simple.R:61:7
  4.       \-instance$fit(task = task, time_grid = time_grid) at ml4time2event/R/core_fit.R:60:5
  5.         +-base::do.call(fit_fun, args) at ml4time2event/R/model_competing_risk_engines.R:82:11
  6.         \-ml4time2event (local) `<fn>`(...)
  7.           +-base::tryCatch(...) at ml4time2event/R/cr_cox.R:124:5
  8.           | \-base (local) tryCatchList(expr, classes, parentenv, handlers)
  9.           |   \-base (local) tryCatchOne(expr, names, parentenv, handlers[[1L]])
 10.           |     \-base (local) doTryCatch(return(expr), name, parentenv, handler)
 11.           \-survival::coxph(formula, data = cause_data, x = TRUE) at ml4time2event/R/cr_cox.R:125:7
 12.             \-survival::coxph.fit(...)

Warning ('test-shap-etl-validation.R:415:3'): SHAP additivity holds for CR models (prediction = baseline + sum(SHAP))
Loglik converged before variable  4 ; coefficient may be infinite. 
Backtrace:
     x
  1. \-ml4time2event::ml4t2e_fit_pipeline(...) at test-shap-etl-validation.R:415:3
  2.   \-pipeline$fit(data_prepped) at ml4time2event/R/pipeline_wrappers.R:145:3
  3.     \-ml4time2event::ml4t2e_fit(...) at ml4time2event/R/pipeline_simple.R:61:7
  4.       \-instance$fit(task = task, time_grid = time_grid) at ml4time2event/R/core_fit.R:60:5
  5.         +-base::do.call(fit_fun, args) at ml4time2event/R/model_competing_risk_engines.R:82:11
  6.         \-ml4time2event (local) `<fn>`(...)
  7.           +-base::tryCatch(...) at ml4time2event/R/cr_cox.R:124:5
  8.           | \-base (local) tryCatchList(expr, classes, parentenv, handlers)
  9.           |   \-base (local) tryCatchOne(expr, names, parentenv, handlers[[1L]])
 10.           |     \-base (local) doTryCatch(return(expr), name, parentenv, handler)
 11.           \-survival::coxph(formula, data = cause_data, x = TRUE) at ml4time2event/R/cr_cox.R:125:7
 12.             \-survival::coxph.fit(...)

Failure ('test-shap-etl-validation.R:440:3'): SHAP additivity holds for CR models (prediction = baseline + sum(SHAP))
all(rel_errors < 1e-05) is not TRUE

`actual`:   <NA>
`expected`: TRUE
SHAP additivity violated, max error: NA

Error ('test-shap-etl-validation.R:454:3'): CIF increases with time for all patients
Error in `.task_constructors_resolve_features(data_tbl, features, c(time, 
    status, cause, id))`: `features` contains unknown columns: source
Backtrace:
    x
 1. \-ml4time2event::ml4t2e_fit_pipeline(...) at test-shap-etl-validation.R:454:3
 2.   \-pipeline$fit(data_prepped) at ml4time2event/R/pipeline_wrappers.R:145:3
 3.     \-ml4time2event:::.pipeline_prepare_data(...) at ml4time2event/R/pipeline_simple.R:51:9
 4.       \-ml4time2event:::.pipeline_build_task(...) at ml4time2event/R/pipeline_simple.R:294:3
 5.         \-ml4time2event::ml4t2e_task_cr(...) at ml4time2event/R/pipeline_simple.R:318:5
 6.           \-ml4time2event:::.task_constructors_resolve_features(data_tbl, features, c(time, status, cause, id)) at ml4time2event/R/core_tasks.R:100:3
 7.             \-rlang::abort(...) at ml4time2event/R/core_tasks.R:199:7
--------------------------------------------------------------------------------
Maximum number of failures exceeded; quitting at end of file.
i Increase this number with (e.g.) `testthat::set_max_fails(Inf)` 

== Results =====================================================================
Duration: 329.0 s

-- Skipped tests (5) -----------------------------------------------------------
* empty test (1): 'test-shap-etl-validation.R:118:1'
* {mockery} is not installed (2): 'test-outcome-prediction.R:56:3',
  'test-outcome-prediction.R:104:3'
* {randomForest} is not installed (2): 'test-recipes-steps.R:153:3',
  'test-recipes-steps.R:180:3'

-- Failed tests ----------------------------------------------------------------
Error ('test-model-evaluation.R:70:3'): EvaluateSurvModels returns leaderboard for ensembles
Error in `.ml4t2e_compute_time_grid(observed_times = observed_times, override = prediction_times, 
    fallback = NULL)`: could not find function ".ml4t2e_compute_time_grid"
Backtrace:
    x
 1. \-ml4time2event:::EvaluateSurvModels(...) at test-model-evaluation.R:70:3
 2.   \-ml4time2event:::.ml4t2e_prepare_surv_evaluation(...) at ml4time2event/R/model_evaluation.R:19:3

Error ('test-model-evaluation.R:123:3'): EvaluateSurvModels supports single model objects
Error in `.ml4t2e_compute_time_grid(observed_times = observed_times, override = prediction_times, 
    fallback = predictor$times(models))`: could not find function ".ml4t2e_compute_time_grid"
Backtrace:
    x
 1. \-ml4time2event:::EvaluateSurvModels(...) at test-model-evaluation.R:123:3
 2.   \-ml4time2event:::.ml4t2e_prepare_surv_evaluation(...) at ml4time2event/R/model_evaluation.R:19:3

Error ('test-model-evaluation.R:182:3'): EvaluateCRModels returns leaderboard for ensembles
Error in `.ml4t2e_compute_time_grid(observed_times = observed_times, override = prediction_times, 
    fallback = NULL)`: could not find function ".ml4t2e_compute_time_grid"
Backtrace:
    x
 1. \-ml4time2event:::EvaluateCRModels(...) at test-model-evaluation.R:182:3
 2.   \-ml4time2event:::.ml4t2e_prepare_cr_evaluation(...) at ml4time2event/R/model_evaluation.R:143:3

Error ('test-model-evaluation.R:237:3'): EvaluateCRModels supports single model objects
Error in `.ml4t2e_compute_time_grid(observed_times = observed_times, override = prediction_times, 
    fallback = predictor$times(models))`: could not find function ".ml4t2e_compute_time_grid"
Backtrace:
    x
 1. \-ml4time2event:::EvaluateCRModels(...) at test-model-evaluation.R:237:3
 2.   \-ml4time2event:::.ml4t2e_prepare_cr_evaluation(...) at ml4time2event/R/model_evaluation.R:143:3

Failure ('test-shap-etl-validation.R:42:3'): CR predictions have correct matrix orientation (rows=times, cols=obs)
nrow(cif_mat) not equal to 20.
1/1 mismatches
[1] 0 - 20 == -20

Failure ('test-shap-etl-validation.R:43:3'): CR predictions have correct matrix orientation (rows=times, cols=obs)
ncol(cif_mat) not equal to nrow(test_data).
1/1 mismatches
[1] 0 - 5 == -5

Error ('test-shap-etl-validation.R:115:3'): CR CIF values are bounded by [0, 1]
<subscriptOutOfBoundsError/error/condition>
Error in `cif_mat[1, ]`: subscript out of bounds
Backtrace:
    x
 1. \-testthat::expect_true(all(cif_mat[1, ] < 0.01, na.rm = TRUE)) at test-shap-etl-validation.R:115:3
 2.   \-testthat::quasi_label(enquo(object), label, arg = "object")
 3.     \-rlang::eval_bare(expr, quo_get_env(quo))

Failure ('test-shap-etl-validation.R:182:3'): ETL calculation produces sensible values for CR models
all(etl_values >= 0) is not TRUE

`actual`:   <NA>
`expected`: TRUE

Failure ('test-shap-etl-validation.R:183:3'): ETL calculation produces sensible values for CR models
all(etl_values <= time_horizon) is not TRUE

`actual`:   <NA>
`expected`: TRUE

Failure ('test-shap-etl-validation.R:184:3'): ETL calculation produces sensible values for CR models
all(is.finite(etl_values)) is not TRUE

`actual`:   FALSE
`expected`: TRUE 

Failure ('test-shap-etl-validation.R:232:3'): Manual ETL calculation matches prediction function
rel_error < 0.01 is not TRUE

`actual`:   <NA>
`expected`: TRUE
ETL mismatch: fn= NA manual= 0 rel_error= NA

Failure ('test-shap-etl-validation.R:285:3'): Higher age leads to higher ETL (worse outcome) for CR models
etl_old > etl_young is not TRUE

`actual`:   <NA>
`expected`: TRUE
Expected higher ETL for older age, but got: young= NA old= NA

Error ('test-shap-etl-validation.R:321:3'): Age SHAP values have expected sign for CR models
Error in `cor(age_values, age_shap, use = "complete.obs")`: no complete element pairs
Backtrace:
    x
 1. \-stats::cor(age_values, age_shap, use = "complete.obs") at test-shap-etl-validation.R:321:3

Failure ('test-shap-etl-validation.R:440:3'): SHAP additivity holds for CR models (prediction = baseline + sum(SHAP))
all(rel_errors < 1e-05) is not TRUE

`actual`:   <NA>
`expected`: TRUE
SHAP additivity violated, max error: NA

Error ('test-shap-etl-validation.R:454:3'): CIF increases with time for all patients
Error in `.task_constructors_resolve_features(data_tbl, features, c(time, 
    status, cause, id))`: `features` contains unknown columns: source
Backtrace:
    x
 1. \-ml4time2event::ml4t2e_fit_pipeline(...) at test-shap-etl-validation.R:454:3
 2.   \-pipeline$fit(data_prepped) at ml4time2event/R/pipeline_wrappers.R:145:3
 3.     \-ml4time2event:::.pipeline_prepare_data(...) at ml4time2event/R/pipeline_simple.R:51:9
 4.       \-ml4time2event:::.pipeline_build_task(...) at ml4time2event/R/pipeline_simple.R:294:3
 5.         \-ml4time2event::ml4t2e_task_cr(...) at ml4time2event/R/pipeline_simple.R:318:5
 6.           \-ml4time2event:::.task_constructors_resolve_features(data_tbl, features, c(time, status, cause, id)) at ml4time2event/R/core_tasks.R:100:3
 7.             \-rlang::abort(...) at ml4time2event/R/core_tasks.R:199:7

[ FAIL 15 | WARN 29 | SKIP 5 | PASS 1521 ]
== Terminated early ============================================================
